// Jest Snapshot v1, https://goo.gl/fbAQLP

exports[`Component/ResultState renders correctly 1`] = `
Array [
  <div
    className="bg-gray-400 w-full p-2"
  >
    <div
      className="container mx-auto rounded-t m-2"
    >
      <div
        className="text-center text-black"
      >
        <h1
          className="font-sans font-thin"
        >
          "ts-foursquare" is just a simple library
        </h1>
      </div>
    </div>
  </div>,
  <body
    className=""
  >
    <div>
      Custom content
    </div>
  </body>,
]
`;
